'AssemblyP1.Issue209EAudit.aaab_refutes_fixed_N_binomial' depends on axioms: [propext, Classical.choice, Quot.sound]
'AssemblyP1.Issue209EAudit.truth_information_feasible' depends on axioms: [propext, Classical.choice, Quot.sound]
'AssemblyP1.Issue209EAudit.truth_not_maximum_likelihood' depends on axioms: [propext, Classical.choice, Quot.sound]
'AssemblyP1.Issue209EAudit.likelihood_ratio' depends on axioms: [propext, Classical.choice, Quot.sound]
'AssemblyP1.Issue209EAudit.likelihood_aaab' depends on axioms: [propext, Classical.choice, Quot.sound]
'AssemblyP1.Issue209EAudit.likelihood_aaaab' depends on axioms: [propext, Classical.choice, Quot.sound]
'AssemblyP1.Issue209EAudit.competitor_beats_truth' depends on axioms: [propext, Classical.choice, Quot.sound]
'AssemblyP1.Issue209EAudit.realized_reads' depends on axioms: [propext, Classical.choice, Quot.sound]
'AssemblyP1.Issue209EAudit.winCount_le_len' depends on axioms: [propext, Classical.choice, Quot.sound]
'AssemblyP1.Issue209EAudit.binomial_marginal_probability_on_le_len' depends on axioms: [propext,
 Classical.choice,
 Quot.sound]
'AssemblyP1.Issue209EAudit.external_N_domain_boundary' depends on axioms: [propext, Classical.choice, Quot.sound]
'AssemblyP1.Issue209EAudit.likelihood_eq_relevant_prod' depends on axioms: [propext, Classical.choice, Quot.sound]
'AssemblyP1.FixedLengthBinomialCounterexample.fixed_length_binomial_counterexample' depends on axioms: [propext,
 Classical.choice,
 Quot.sound]
'AssemblyP1.FixedLengthBinomialCounterexample.truth_information_feasible' depends on axioms: [propext,
 Classical.choice,
 Quot.sound]
'AssemblyP1.FixedLengthBinomialCounterexample.truth_not_maximum_likelihood' depends on axioms: [propext,
 Classical.choice,
 Quot.sound]
'AssemblyP1.FixedLengthBinomialCounterexample.likelihood_truth' depends on axioms: [propext,
 Classical.choice,
 Quot.sound]
'AssemblyP1.FixedLengthBinomialCounterexample.likelihood_competitor' depends on axioms: [propext,
 Classical.choice,
 Quot.sound]
'AssemblyP1.FixedLengthBinomialCounterexample.likelihood_ratio' depends on axioms: [propext,
 Classical.choice,
 Quot.sound]
'AssemblyP1.FixedLengthBinomialCounterexample.likelihood_eq_relevant_prod' depends on axioms: [propext,
 Classical.choice,
 Quot.sound]
'AssemblyP1.FixedLengthBinomialCounterexample.realized_reads' depends on axioms: [propext, Classical.choice, Quot.sound]
'AssemblyP1.FixedLengthBinomialCounterexample.truth_covers' depends on axioms: [propext, Classical.choice, Quot.sound]
'AssemblyP1.FixedLengthExactCounterexample.fixed_length_exact_counterexample' depends on axioms: [propext,
 Classical.choice,
 Quot.sound]
'AssemblyP1.FixedLengthExactCounterexample.truth_information_feasible' depends on axioms: [propext,
 Classical.choice,
 Quot.sound]
'AssemblyP1.FixedLengthExactCounterexample.truth_not_maximum_likelihood' depends on axioms: [propext,
 Classical.choice,
 Quot.sound]
'AssemblyP1.FixedLengthExactCounterexample.likelihood_truth' depends on axioms: [propext, Classical.choice, Quot.sound]
'AssemblyP1.FixedLengthExactCounterexample.likelihood_competitor' depends on axioms: [propext,
 Classical.choice,
 Quot.sound]
'AssemblyP1.FixedLengthExactCounterexample.likelihood_ratio' depends on axioms: [propext, Classical.choice, Quot.sound]
'AssemblyP1.FixedLengthExactCounterexample.realized_reads' depends on axioms: [propext, Classical.choice, Quot.sound]
'AssemblyP1.FixedLengthExactCounterexample.truth_covers' depends on axioms: [propext, Classical.choice, Quot.sound]
'AssemblyP1.ExactVariantECounterexample.finite_unrestricted_exact_variant_e_counterexample' depends on axioms: [propext,
 Classical.choice,
 Quot.sound]
'AssemblyP1.ExactVariantECounterexample.truth_information_feasible' depends on axioms: [propext,
 Classical.choice,
 Quot.sound]
'AssemblyP1.ExactVariantECounterexample.truth_not_maximum_likelihood' depends on axioms: [propext,
 Classical.choice,
 Quot.sound]
'AssemblyP1.ExactVariantECounterexample.truth_likelihood' depends on axioms: [propext, Classical.choice, Quot.sound]
'AssemblyP1.ExactVariantECounterexample.competitor_likelihood' depends on axioms: [propext,
 Classical.choice,
 Quot.sound]
'AssemblyP1.ExactVariantECounterexample.competitor_beats_truth' depends on axioms: [propext,
 Classical.choice,
 Quot.sound]
'AssemblyP1.ExactVariantECounterexample.realized_reads' depends on axioms: [propext, Classical.choice, Quot.sound]
'AssemblyP1.ExactVariantECounterexample.truth_covers' depends on axioms: [propext, Classical.choice, Quot.sound]
'AssemblyP1.SourceFaithfulIs.bridgesCopy_length' depends on axioms: [propext, Classical.choice, Quot.sound]
'AssemblyP1.SourceFaithfulIs.bridgesCopy_lifted_iff' depends on axioms: [propext, Classical.choice, Quot.sound]
'AssemblyP1.SourceFaithfulIs.IsTripleRepeatAllBridged.bridgesRepeat' depends on axioms: [propext,
 Classical.choice,
 Quot.sound]
'AssemblyP1.SourceFaithfulIs.Interleaved.swap₂' depends on axioms: [propext, Classical.choice, Quot.sound]
