found 116 theorems in 5 modules
  AssemblyP1.SourceFaithfulIs.notAllEq_swap₁     AssemblyP1/SourceFaithfulIs.lean
  AssemblyP1.SourceFaithfulIs.notAllEq_swap₁'    AssemblyP1/SourceFaithfulIs.lean
  AssemblyP1.SourceFaithfulIs.notAllEq_swap₂     AssemblyP1/SourceFaithfulIs.lean
  AssemblyP1.SourceFaithfulIs.notAllEq_swap₂'    AssemblyP1/SourceFaithfulIs.lean
  AssemblyP1.SourceFaithfulIs.Genome.Agree_comm  AssemblyP1/SourceFaithfulIs.lean
  AssemblyP1.SourceFaithfulIs.Genome.IsRepeat_comm AssemblyP1/SourceFaithfulIs.lean
  AssemblyP1.SourceFaithfulIs.Genome.IsTripleRepeat_swap₁ AssemblyP1/SourceFaithfulIs.lean
  AssemblyP1.SourceFaithfulIs.Genome.IsTripleRepeat_swap₂ AssemblyP1/SourceFaithfulIs.lean
  AssemblyP1.SourceFaithfulIs.Genome.IsTripleRepeat_rotate AssemblyP1/SourceFaithfulIs.lean
  AssemblyP1.SourceFaithfulIs.Covers.ofNat       AssemblyP1/SourceFaithfulIs.lean
  AssemblyP1.SourceFaithfulIs.bridgesCopy_lifted_iff AssemblyP1/SourceFaithfulIs.lean
  AssemblyP1.SourceFaithfulIs.bridgesCopy_length AssemblyP1/SourceFaithfulIs.lean
  AssemblyP1.SourceFaithfulIs.IsTripleRepeatAllBridged.bridgesRepeat AssemblyP1/SourceFaithfulIs.lean
  AssemblyP1.SourceFaithfulIs.Interleaved.left_first AssemblyP1/SourceFaithfulIs.lean
  AssemblyP1.SourceFaithfulIs.Interleaved.right_first AssemblyP1/SourceFaithfulIs.lean
  AssemblyP1.SourceFaithfulIs.Interleaved.cases  AssemblyP1/SourceFaithfulIs.lean
  AssemblyP1.SourceFaithfulIs.Interleaved.swap₂  AssemblyP1/SourceFaithfulIs.lean
  AssemblyP1.SourceFaithfulIs.InformationFeasible.covers AssemblyP1/SourceFaithfulIs.lean
  AssemblyP1.SourceFaithfulIs.InformationFeasible.triples AssemblyP1/SourceFaithfulIs.lean
  AssemblyP1.SourceFaithfulIs.InformationFeasible.interleaved AssemblyP1/SourceFaithfulIs.lean
  AssemblyP1.ExactVariantECounterexample.realized_reads AssemblyP1/ExactVariantECounterexample.lean
  AssemblyP1.ExactVariantECounterexample.truth_covers AssemblyP1/ExactVariantECounterexample.lean
  AssemblyP1.ExactVariantECounterexample.truth_information_feasible AssemblyP1/ExactVariantECounterexample.lean
  AssemblyP1.ExactVariantECounterexample.truth_AC_count AssemblyP1/ExactVariantECounterexample.lean
  AssemblyP1.ExactVariantECounterexample.truth_GT_count AssemblyP1/ExactVariantECounterexample.lean
  AssemblyP1.ExactVariantECounterexample.competitor_AC_count AssemblyP1/ExactVariantECounterexample.lean
  AssemblyP1.ExactVariantECounterexample.competitor_GT_count AssemblyP1/ExactVariantECounterexample.lean
  AssemblyP1.ExactVariantECounterexample.truth_likelihood AssemblyP1/ExactVariantECounterexample.lean
  AssemblyP1.ExactVariantECounterexample.competitor_likelihood AssemblyP1/ExactVariantECounterexample.lean
  AssemblyP1.ExactVariantECounterexample.competitor_beats_truth AssemblyP1/ExactVariantECounterexample.lean
  AssemblyP1.ExactVariantECounterexample.truth_not_maximum_likelihood AssemblyP1/ExactVariantECounterexample.lean
  AssemblyP1.ExactVariantECounterexample.finite_unrestricted_exact_variant_e_counterexample AssemblyP1/ExactVariantECounterexample.lean
  AssemblyP1.FixedLengthExactCounterexample.truth_eq_genome AssemblyP1/FixedLengthExactCounterexample.lean
  AssemblyP1.FixedLengthExactCounterexample.competitor_eq_genome AssemblyP1/FixedLengthExactCounterexample.lean
  AssemblyP1.FixedLengthExactCounterexample.occ_truth_AAA AssemblyP1/FixedLengthExactCounterexample.lean
  AssemblyP1.FixedLengthExactCounterexample.occ_truth_AAB AssemblyP1/FixedLengthExactCounterexample.lean
  AssemblyP1.FixedLengthExactCounterexample.occ_truth_BAA AssemblyP1/FixedLengthExactCounterexample.lean
  AssemblyP1.FixedLengthExactCounterexample.occ_competitor_AAA AssemblyP1/FixedLengthExactCounterexample.lean
  AssemblyP1.FixedLengthExactCounterexample.occ_competitor_AAB AssemblyP1/FixedLengthExactCounterexample.lean
  AssemblyP1.FixedLengthExactCounterexample.occ_competitor_BAA AssemblyP1/FixedLengthExactCounterexample.lean
  AssemblyP1.FixedLengthExactCounterexample.likelihood_truth AssemblyP1/FixedLengthExactCounterexample.lean
  AssemblyP1.FixedLengthExactCounterexample.likelihood_competitor AssemblyP1/FixedLengthExactCounterexample.lean
  AssemblyP1.FixedLengthExactCounterexample.likelihood_ratio AssemblyP1/FixedLengthExactCounterexample.lean
  AssemblyP1.FixedLengthExactCounterexample.truth_not_maximum_likelihood AssemblyP1/FixedLengthExactCounterexample.lean
  AssemblyP1.FixedLengthExactCounterexample.realized_reads AssemblyP1/FixedLengthExactCounterexample.lean
  AssemblyP1.FixedLengthExactCounterexample.truth_covers AssemblyP1/FixedLengthExactCounterexample.lean
  AssemblyP1.FixedLengthExactCounterexample.truth_information_feasible AssemblyP1/FixedLengthExactCounterexample.lean
  AssemblyP1.FixedLengthExactCounterexample.fixed_length_exact_counterexample AssemblyP1/FixedLengthExactCounterexample.lean
  AssemblyP1.FixedLengthBinomialCounterexample.truth_eq_genome AssemblyP1/FixedLengthBinomialCounterexample.lean
  AssemblyP1.FixedLengthBinomialCounterexample.competitor_eq_genome AssemblyP1/FixedLengthBinomialCounterexample.lean
  AssemblyP1.FixedLengthBinomialCounterexample.obsCount_eq_zero_of_not_relevant AssemblyP1/FixedLengthBinomialCounterexample.lean
  AssemblyP1.FixedLengthBinomialCounterexample.occ_truth_eq_zero_of_not_relevant AssemblyP1/FixedLengthBinomialCounterexample.lean
  AssemblyP1.FixedLengthBinomialCounterexample.occ_competitor_eq_zero_of_not_relevant AssemblyP1/FixedLengthBinomialCounterexample.lean
  AssemblyP1.FixedLengthBinomialCounterexample.marginal_eq_one_of_occ_eq_zero AssemblyP1/FixedLengthBinomialCounterexample.lean
  AssemblyP1.FixedLengthBinomialCounterexample.likelihood_eq_relevant_prod AssemblyP1/FixedLengthBinomialCounterexample.lean
  AssemblyP1.FixedLengthBinomialCounterexample.relevant_prod_eq AssemblyP1/FixedLengthBinomialCounterexample.lean
  AssemblyP1.FixedLengthBinomialCounterexample.obsCount_AAA AssemblyP1/FixedLengthBinomialCounterexample.lean
  AssemblyP1.FixedLengthBinomialCounterexample.obsCount_AAC AssemblyP1/FixedLengthBinomialCounterexample.lean
  AssemblyP1.FixedLengthBinomialCounterexample.obsCount_CAA AssemblyP1/FixedLengthBinomialCounterexample.lean
  AssemblyP1.FixedLengthBinomialCounterexample.obsCount_ACC AssemblyP1/FixedLengthBinomialCounterexample.lean
  AssemblyP1.FixedLengthBinomialCounterexample.obsCount_CCA AssemblyP1/FixedLengthBinomialCounterexample.lean
  AssemblyP1.FixedLengthBinomialCounterexample.obsCount_ACA AssemblyP1/FixedLengthBinomialCounterexample.lean
  AssemblyP1.FixedLengthBinomialCounterexample.occ_truth_AAA AssemblyP1/FixedLengthBinomialCounterexample.lean
  AssemblyP1.FixedLengthBinomialCounterexample.occ_truth_AAC AssemblyP1/FixedLengthBinomialCounterexample.lean
  AssemblyP1.FixedLengthBinomialCounterexample.occ_truth_CAA AssemblyP1/FixedLengthBinomialCounterexample.lean
  AssemblyP1.FixedLengthBinomialCounterexample.occ_truth_ACC AssemblyP1/FixedLengthBinomialCounterexample.lean
  AssemblyP1.FixedLengthBinomialCounterexample.occ_truth_CCA AssemblyP1/FixedLengthBinomialCounterexample.lean
  AssemblyP1.FixedLengthBinomialCounterexample.occ_truth_ACA AssemblyP1/FixedLengthBinomialCounterexample.lean
  AssemblyP1.FixedLengthBinomialCounterexample.occ_competitor_AAA AssemblyP1/FixedLengthBinomialCounterexample.lean
  AssemblyP1.FixedLengthBinomialCounterexample.occ_competitor_AAC AssemblyP1/FixedLengthBinomialCounterexample.lean
  AssemblyP1.FixedLengthBinomialCounterexample.occ_competitor_CAA AssemblyP1/FixedLengthBinomialCounterexample.lean
  AssemblyP1.FixedLengthBinomialCounterexample.occ_competitor_ACC AssemblyP1/FixedLengthBinomialCounterexample.lean
  AssemblyP1.FixedLengthBinomialCounterexample.occ_competitor_CCA AssemblyP1/FixedLengthBinomialCounterexample.lean
  AssemblyP1.FixedLengthBinomialCounterexample.occ_competitor_ACA AssemblyP1/FixedLengthBinomialCounterexample.lean
  AssemblyP1.FixedLengthBinomialCounterexample.likelihood_truth AssemblyP1/FixedLengthBinomialCounterexample.lean
  AssemblyP1.FixedLengthBinomialCounterexample.likelihood_competitor AssemblyP1/FixedLengthBinomialCounterexample.lean
  AssemblyP1.FixedLengthBinomialCounterexample.likelihood_ratio AssemblyP1/FixedLengthBinomialCounterexample.lean
  AssemblyP1.FixedLengthBinomialCounterexample.truth_not_maximum_likelihood AssemblyP1/FixedLengthBinomialCounterexample.lean
  AssemblyP1.FixedLengthBinomialCounterexample.realized_reads AssemblyP1/FixedLengthBinomialCounterexample.lean
  AssemblyP1.FixedLengthBinomialCounterexample.truth_covers AssemblyP1/FixedLengthBinomialCounterexample.lean
  AssemblyP1.FixedLengthBinomialCounterexample.truth_information_feasible AssemblyP1/FixedLengthBinomialCounterexample.lean
  AssemblyP1.FixedLengthBinomialCounterexample.fixed_length_binomial_counterexample AssemblyP1/FixedLengthBinomialCounterexample.lean
  AssemblyP1.Issue209EAudit.realized_reads       AssemblyP1/Issue209EAudit.lean
  AssemblyP1.Issue209EAudit.truth_information_feasible AssemblyP1/Issue209EAudit.lean
  AssemblyP1.Issue209EAudit.obs_eq_zero_of_not_relevant AssemblyP1/Issue209EAudit.lean
  AssemblyP1.Issue209EAudit.winCount_eq_zero_of_not_relevant AssemblyP1/Issue209EAudit.lean
  AssemblyP1.Issue209EAudit.marginal_eq_one      AssemblyP1/Issue209EAudit.lean
  AssemblyP1.Issue209EAudit.likelihood_eq_relevant_prod AssemblyP1/Issue209EAudit.lean
  AssemblyP1.Issue209EAudit.relevant_prod_eq     AssemblyP1/Issue209EAudit.lean
  AssemblyP1.Issue209EAudit.windows_aaab_mem_relevant AssemblyP1/Issue209EAudit.lean
  AssemblyP1.Issue209EAudit.windows_aaaab_mem_relevant AssemblyP1/Issue209EAudit.lean
  AssemblyP1.Issue209EAudit.obs_readAAA          AssemblyP1/Issue209EAudit.lean
  AssemblyP1.Issue209EAudit.obs_readAAB          AssemblyP1/Issue209EAudit.lean
  AssemblyP1.Issue209EAudit.obs_readBAA          AssemblyP1/Issue209EAudit.lean
  AssemblyP1.Issue209EAudit.obs_zero_count       AssemblyP1/Issue209EAudit.lean
  AssemblyP1.Issue209EAudit.winCount_aaab_AAA    AssemblyP1/Issue209EAudit.lean
  AssemblyP1.Issue209EAudit.winCount_aaab_AAB    AssemblyP1/Issue209EAudit.lean
  AssemblyP1.Issue209EAudit.winCount_aaab_BAA    AssemblyP1/Issue209EAudit.lean
  AssemblyP1.Issue209EAudit.winCount_aaab_ABB    AssemblyP1/Issue209EAudit.lean
  AssemblyP1.Issue209EAudit.winCount_aaab_BBA    AssemblyP1/Issue209EAudit.lean
  AssemblyP1.Issue209EAudit.winCount_aaab_ABA    AssemblyP1/Issue209EAudit.lean
  AssemblyP1.Issue209EAudit.winCount_aaaab_AAA   AssemblyP1/Issue209EAudit.lean
  AssemblyP1.Issue209EAudit.winCount_aaaab_AAB   AssemblyP1/Issue209EAudit.lean
  AssemblyP1.Issue209EAudit.winCount_aaaab_BAA   AssemblyP1/Issue209EAudit.lean
  AssemblyP1.Issue209EAudit.winCount_aaaab_ABB   AssemblyP1/Issue209EAudit.lean
  AssemblyP1.Issue209EAudit.winCount_aaaab_BBA   AssemblyP1/Issue209EAudit.lean
  AssemblyP1.Issue209EAudit.winCount_aaaab_ABA   AssemblyP1/Issue209EAudit.lean
  AssemblyP1.Issue209EAudit.likelihood_aaab      AssemblyP1/Issue209EAudit.lean
  AssemblyP1.Issue209EAudit.likelihood_aaaab     AssemblyP1/Issue209EAudit.lean
  AssemblyP1.Issue209EAudit.likelihood_ratio     AssemblyP1/Issue209EAudit.lean
  AssemblyP1.Issue209EAudit.competitor_beats_truth AssemblyP1/Issue209EAudit.lean
  AssemblyP1.Issue209EAudit.truth_not_maximum_likelihood AssemblyP1/Issue209EAudit.lean
  AssemblyP1.Issue209EAudit.aaab_refutes_fixed_N_binomial AssemblyP1/Issue209EAudit.lean
  AssemblyP1.Issue209EAudit.winCount_le_len      AssemblyP1/Issue209EAudit.lean
  AssemblyP1.Issue209EAudit.binomial_marginal_probability_on_le_len AssemblyP1/Issue209EAudit.lean
  AssemblyP1.Issue209EAudit.external_N_domain_boundary AssemblyP1/Issue209EAudit.lean
wrote scratch-209/axioms-full.lean

reported 116 / 116 theorems
  axiom-free: 11
  on the permitted three: 105
all 116 reported theorems have an axiom surface inside ['Classical.choice', 'Quot.sound', 'propext']
